// Jest Snapshot v1, https://goo.gl/fbAQLP

exports[`test login page static html render a button to login 1`] = `ReactWrapper {}`;
