// Jest Snapshot v1, https://goo.gl/fbAQLP

exports[`Signup Page Signup page should have a button to signup 1`] = `ReactWrapper {}`;

exports[`test signup page static html Signup page should have a button to signup 1`] = `ReactWrapper {}`;
